Flow report for ov5640
Fri Sep 16 20:46:03 2022
Quartus II 64-Bit Version 13.1.0 Build 162 10/23/2013 SJ Full Version


---------------------
; Table of Contents ;
---------------------
  1. Legal Notice
  2. Flow Summary
  3. Flow Settings
  4. Flow Non-Default Global Settings
  5. Flow Elapsed Time
  6. Flow OS Summary
  7. Flow Log
  8. Flow Messages
  9. Flow Suppressed Messages



----------------
; Legal Notice ;
----------------
Copyright (C) 1991-2013 Altera Corporation
Your use of Altera Corporation's design tools, logic functions 
and other software and tools, and its AMPP partner logic 
functions, and any output files from any of the foregoing 
(including device programming or simulation files), and any 
associated documentation or information are expressly subject 
to the terms and conditions of the Altera Program License 
Subscription Agreement, Altera MegaCore Function License 
Agreement, or other applicable license agreement, including, 
without limitation, that your use is for the sole purpose of 
programming logic devices manufactured by Altera and sold by 
Altera or its authorized distributors.  Please refer to the 
applicable agreement for further details.



+----------------------------------------------------------------------------------+
; Flow Summary                                                                     ;
+------------------------------------+---------------------------------------------+
; Flow Status                        ; Successful - Fri Sep 16 20:46:03 2022       ;
; Quartus II 64-Bit Version          ; 13.1.0 Build 162 10/23/2013 SJ Full Version ;
; Revision Name                      ; ov5640                                      ;
; Top-level Entity Name              ; ov5640                                      ;
; Family                             ; Cyclone IV E                                ;
; Device                             ; EP4CE10F17C8                                ;
; Timing Models                      ; Final                                       ;
; Total logic elements               ; 1,982                                       ;
;     Total combinational functions  ; 1,703                                       ;
;     Dedicated logic registers      ; 850                                         ;
; Total registers                    ; 850                                         ;
; Total pins                         ; 80                                          ;
; Total virtual pins                 ; 0                                           ;
; Total memory bits                  ; 35,992                                      ;
; Embedded Multiplier 9-bit elements ; 4                                           ;
; Total PLLs                         ; 1                                           ;
+------------------------------------+---------------------------------------------+


+-----------------------------------------+
; Flow Settings                           ;
+-------------------+---------------------+
; Option            ; Setting             ;
+-------------------+---------------------+
; Start date & time ; 09/16/2022 20:45:51 ;
; Main task         ; Compilation         ;
; Revision Name     ; ov5640              ;
+-------------------+---------------------+


+-----------------------------------------------------------------------------------------------------------------------------------------------------+
; Flow Non-Default Global Settings                                                                                                                    ;
+--------------------------------------+--------------------------------------------------------+---------------+-------------+-----------------------+
; Assignment Name                      ; Value                                                  ; Default Value ; Entity Name ; Section Id            ;
+--------------------------------------+--------------------------------------------------------+---------------+-------------+-----------------------+
; COMPILER_SIGNATURE_ID                ; 31609897786398.166333235111836                         ; --            ; --          ; --                    ;
; EDA_DESIGN_INSTANCE_NAME             ; NA                                                     ; --            ; --          ; tb_ov5640_data        ;
; EDA_DESIGN_INSTANCE_NAME             ; NA                                                     ; --            ; --          ; tb_ov5640_top         ;
; EDA_DESIGN_INSTANCE_NAME             ; NA                                                     ; --            ; --          ; tb_rgb_ycbcr          ;
; EDA_DESIGN_INSTANCE_NAME             ; NA                                                     ; --            ; --          ; tb_matrix3_3_generate ;
; EDA_DESIGN_INSTANCE_NAME             ; NA                                                     ; --            ; --          ; tb_sobel_isp          ;
; EDA_NATIVELINK_SIMULATION_TEST_BENCH ; tb_matrix3_3_generate                                  ; --            ; --          ; eda_simulation        ;
; EDA_OUTPUT_DATA_FORMAT               ; Verilog Hdl                                            ; --            ; --          ; eda_simulation        ;
; EDA_SIMULATION_TOOL                  ; ModelSim (Verilog)                                     ; <None>        ; --          ; --                    ;
; EDA_TEST_BENCH_ENABLE_STATUS         ; TEST_BENCH_MODE                                        ; --            ; --          ; eda_simulation        ;
; EDA_TEST_BENCH_FILE                  ; ../sim/tb_ov5640_data.v                                ; --            ; --          ; tb_ov5640_data        ;
; EDA_TEST_BENCH_FILE                  ; ../sim/tb_ov5640_top.v                                 ; --            ; --          ; tb_ov5640_top         ;
; EDA_TEST_BENCH_FILE                  ; ../sim/tb_rgb_ycbcr.v                                  ; --            ; --          ; tb_rgb_ycbcr          ;
; EDA_TEST_BENCH_FILE                  ; ../sim/tb_matrix3_3_generate.v                         ; --            ; --          ; tb_matrix3_3_generate ;
; EDA_TEST_BENCH_FILE                  ; IP_core/ram/blk_mem_gen_0.v                            ; --            ; --          ; tb_matrix3_3_generate ;
; EDA_TEST_BENCH_FILE                  ; ../sim/tb_sobel_isp.v                                  ; --            ; --          ; tb_sobel_isp          ;
; EDA_TEST_BENCH_MODULE_NAME           ; tb_ov5640_data                                         ; --            ; --          ; tb_ov5640_data        ;
; EDA_TEST_BENCH_MODULE_NAME           ; tb_ov5640_top                                          ; --            ; --          ; tb_ov5640_top         ;
; EDA_TEST_BENCH_MODULE_NAME           ; tb_rgb_ycbcr                                           ; --            ; --          ; tb_rgb_ycbcr          ;
; EDA_TEST_BENCH_MODULE_NAME           ; tb_matrix3_3_generate                                  ; --            ; --          ; tb_matrix3_3_generate ;
; EDA_TEST_BENCH_MODULE_NAME           ; tb_sobel_isp                                           ; --            ; --          ; tb_sobel_isp          ;
; EDA_TEST_BENCH_NAME                  ; tb_ov5640_data                                         ; --            ; --          ; eda_simulation        ;
; EDA_TEST_BENCH_NAME                  ; tb_ov5640_top                                          ; --            ; --          ; eda_simulation        ;
; EDA_TEST_BENCH_NAME                  ; tb_rgb_ycbcr                                           ; --            ; --          ; eda_simulation        ;
; EDA_TEST_BENCH_NAME                  ; tb_matrix3_3_generate                                  ; --            ; --          ; eda_simulation        ;
; EDA_TEST_BENCH_NAME                  ; tb_sobel_isp                                           ; --            ; --          ; eda_simulation        ;
; EDA_TEST_BENCH_RUN_SIM_FOR           ; 1 us                                                   ; --            ; --          ; tb_ov5640_data        ;
; EDA_TEST_BENCH_RUN_SIM_FOR           ; 1 us                                                   ; --            ; --          ; tb_ov5640_top         ;
; EDA_TEST_BENCH_RUN_SIM_FOR           ; 1 us                                                   ; --            ; --          ; tb_rgb_ycbcr          ;
; EDA_TEST_BENCH_RUN_SIM_FOR           ; 1 us                                                   ; --            ; --          ; tb_matrix3_3_generate ;
; EDA_TEST_BENCH_RUN_SIM_FOR           ; 1 us                                                   ; --            ; --          ; tb_sobel_isp          ;
; EDA_TIME_SCALE                       ; 1 ps                                                   ; --            ; --          ; eda_simulation        ;
; ENABLE_SIGNALTAP                     ; Off                                                    ; --            ; --          ; --                    ;
; IP_TOOL_NAME                         ; ALTPLL                                                 ; --            ; --          ; --                    ;
; IP_TOOL_NAME                         ; FIFO                                                   ; --            ; --          ; --                    ;
; IP_TOOL_NAME                         ; Shift register (RAM-based)                             ; --            ; --          ; --                    ;
; IP_TOOL_NAME                         ; ALTSQRT                                                ; --            ; --          ; --                    ;
; IP_TOOL_NAME                         ; Shift register (RAM-based)                             ; --            ; --          ; --                    ;
; IP_TOOL_NAME                         ; FIFO                                                   ; --            ; --          ; --                    ;
; IP_TOOL_NAME                         ; RAM: 2-PORT                                            ; --            ; --          ; --                    ;
; IP_TOOL_VERSION                      ; 13.1                                                   ; --            ; --          ; --                    ;
; IP_TOOL_VERSION                      ; 13.1                                                   ; --            ; --          ; --                    ;
; IP_TOOL_VERSION                      ; 13.1                                                   ; --            ; --          ; --                    ;
; IP_TOOL_VERSION                      ; 13.1                                                   ; --            ; --          ; --                    ;
; IP_TOOL_VERSION                      ; 13.1                                                   ; --            ; --          ; --                    ;
; IP_TOOL_VERSION                      ; 13.1                                                   ; --            ; --          ; --                    ;
; IP_TOOL_VERSION                      ; 13.1                                                   ; --            ; --          ; --                    ;
; MAX_CORE_JUNCTION_TEMP               ; 85                                                     ; --            ; --          ; --                    ;
; MIN_CORE_JUNCTION_TEMP               ; 0                                                      ; --            ; --          ; --                    ;
; MISC_FILE                            ; IP_core/clk_gen/clk_gen_inst.v                         ; --            ; --          ; --                    ;
; MISC_FILE                            ; IP_core/clk_gen/clk_gen.ppf                            ; --            ; --          ; --                    ;
; MISC_FILE                            ; IP_core/fifo_data/fifo_data_inst.v                     ; --            ; --          ; --                    ;
; MISC_FILE                            ; IP_core/fifo_data/fifo_data_bb.v                       ; --            ; --          ; --                    ;
; MISC_FILE                            ; IP_core/shift_register/shift_register_inst.v           ; --            ; --          ; --                    ;
; MISC_FILE                            ; IP_core/sqrt/sqrt_inst.v                               ; --            ; --          ; --                    ;
; MISC_FILE                            ; IP_core/shift_register_1bit/shift_register_1bit_inst.v ; --            ; --          ; --                    ;
; MISC_FILE                            ; IP_core/fifo/fifo_inst.v                               ; --            ; --          ; --                    ;
; OUTPUT_IO_TIMING_FAR_END_VMEAS       ; Half Signal Swing                                      ; --            ; --          ; --                    ;
; OUTPUT_IO_TIMING_FAR_END_VMEAS       ; Half Signal Swing                                      ; --            ; --          ; --                    ;
; OUTPUT_IO_TIMING_NEAR_END_VMEAS      ; Half Vccio                                             ; --            ; --          ; --                    ;
; OUTPUT_IO_TIMING_NEAR_END_VMEAS      ; Half Vccio                                             ; --            ; --          ; --                    ;
; PARTITION_COLOR                      ; 16764057                                               ; --            ; --          ; Top                   ;
; PARTITION_FITTER_PRESERVATION_LEVEL  ; PLACEMENT_AND_ROUTING                                  ; --            ; --          ; Top                   ;
; PARTITION_NETLIST_TYPE               ; SOURCE                                                 ; --            ; --          ; Top                   ;
; POWER_BOARD_THERMAL_MODEL            ; None (CONSERVATIVE)                                    ; --            ; --          ; --                    ;
; POWER_PRESET_COOLING_SOLUTION        ; 23 MM HEAT SINK WITH 200 LFPM AIRFLOW                  ; --            ; --          ; --                    ;
; PROJECT_OUTPUT_DIRECTORY             ; output_files                                           ; --            ; --          ; --                    ;
; USE_SIGNALTAP_FILE                   ; output_files/stp1.stp                                  ; --            ; --          ; --                    ;
+--------------------------------------+--------------------------------------------------------+---------------+-------------+-----------------------+


+--------------------------------------------------------------------------------------------------------------------------+
; Flow Elapsed Time                                                                                                        ;
+----------------------+--------------+-------------------------+---------------------+------------------------------------+
; Module Name          ; Elapsed Time ; Average Processors Used ; Peak Virtual Memory ; Total CPU Time (on all processors) ;
+----------------------+--------------+-------------------------+---------------------+------------------------------------+
; Analysis & Synthesis ; 00:00:12     ; 1.0                     ; 4708 MB             ; 00:00:12                           ;
; Total                ; 00:00:12     ; --                      ; --                  ; 00:00:12                           ;
+----------------------+--------------+-------------------------+---------------------+------------------------------------+


+-----------------------------------------------------------------------------------+
; Flow OS Summary                                                                   ;
+----------------------+------------------+-----------+------------+----------------+
; Module Name          ; Machine Hostname ; OS Name   ; OS Version ; Processor type ;
+----------------------+------------------+-----------+------------+----------------+
; Analysis & Synthesis ; LAPTOP-E8D6NIG5  ; Windows 7 ; 6.2        ; x86_64         ;
+----------------------+------------------+-----------+------------+----------------+


------------
; Flow Log ;
------------
quartus_map --read_settings_files=on --write_settings_files=off ov5640 -c ov5640



